$ go test -race ./...
ok  	github.com/carlotran4/kanbi/cmd/kanbi	(cached)
?   	github.com/carlotran4/kanbi/internal/app	[no test files]
ok  	github.com/carlotran4/kanbi/internal/architecture	(cached)
ok  	github.com/carlotran4/kanbi/internal/attachments	(cached)
ok  	github.com/carlotran4/kanbi/internal/backup	(cached)
ok  	github.com/carlotran4/kanbi/internal/boardpackage	(cached)
ok  	github.com/carlotran4/kanbi/internal/boardruntime	(cached)
ok  	github.com/carlotran4/kanbi/internal/buildinfo	(cached)
ok  	github.com/carlotran4/kanbi/internal/config	(cached)
ok  	github.com/carlotran4/kanbi/internal/diagnostics	(cached)
ok  	github.com/carlotran4/kanbi/internal/harness	(cached)
ok  	github.com/carlotran4/kanbi/internal/integration	(cached)
?   	github.com/carlotran4/kanbi/internal/kanban	[no test files]
?   	github.com/carlotran4/kanbi/internal/multiplexer	[no test files]
ok  	github.com/carlotran4/kanbi/internal/multiplexer/herdr	(cached)
ok  	github.com/carlotran4/kanbi/internal/prompt	(cached)
ok  	github.com/carlotran4/kanbi/internal/session	(cached)
ok  	github.com/carlotran4/kanbi/internal/statusbar	(cached)
ok  	github.com/carlotran4/kanbi/internal/storage	(cached)
ok  	github.com/carlotran4/kanbi/internal/ticketbackend	(cached)
ok  	github.com/carlotran4/kanbi/internal/tmux	(cached)
ok  	github.com/carlotran4/kanbi/internal/tui	(cached)
ok  	github.com/carlotran4/kanbi/internal/workspace	(cached)
RESULT: PASS
