$ downloaded kanbi-release-bundle from workflow run 30420765221
$ sha256sum -c SHA256SUMS
kanbi_0.3.0-beta.3_darwin_amd64.tar.gz: OK
kanbi_0.3.0-beta.3_darwin_arm64.tar.gz: OK
kanbi_0.3.0-beta.3_linux_amd64.tar.gz: OK
kanbi_0.3.0-beta.3_linux_arm64.tar.gz: OK
$ cat BUNDLE_MANIFEST.txt
version=0.3.0-beta.3
commit=a711aceedb758598974700aa39deeb7d168d2ee5
run_id=30420765221
created_utc=2026-07-29T04:02:18Z
kanbi_0.3.0-beta.3_darwin_amd64.tar.gz
kanbi_0.3.0-beta.3_darwin_arm64.tar.gz
kanbi_0.3.0-beta.3_linux_amd64.tar.gz
kanbi_0.3.0-beta.3_linux_arm64.tar.gz
$ inspect BUILDINFO.json in every archive
== kanbi_0.3.0-beta.3_darwin_amd64.tar.gz ==
{
  "format": "kanbi-buildinfo",
  "format_version": 1,
  "version": "0.3.0-beta.3",
  "commit": "a711aceedb758598974700aa39deeb7d168d2ee5",
  "build_date": "2026-07-29T04:00:08Z",
  "go_version": "go1.26.5",
  "os": "darwin",
  "arch": "amd64",
  "cgo_enabled": true,
  "schema_version": 8,
  "module": "github.com/carlotran4/kanbi",
  "github_run_id": "30420765221",
  "github_sha": "a711aceedb758598974700aa39deeb7d168d2ee5"
}
== kanbi_0.3.0-beta.3_darwin_arm64.tar.gz ==
{
  "format": "kanbi-buildinfo",
  "format_version": 1,
  "version": "0.3.0-beta.3",
  "commit": "a711aceedb758598974700aa39deeb7d168d2ee5",
  "build_date": "2026-07-29T03:59:49Z",
  "go_version": "go1.26.5",
  "os": "darwin",
  "arch": "arm64",
  "cgo_enabled": true,
  "schema_version": 8,
  "module": "github.com/carlotran4/kanbi",
  "github_run_id": "30420765221",
  "github_sha": "a711aceedb758598974700aa39deeb7d168d2ee5"
}
== kanbi_0.3.0-beta.3_linux_amd64.tar.gz ==
{
  "format": "kanbi-buildinfo",
  "format_version": 1,
  "version": "0.3.0-beta.3",
  "commit": "a711aceedb758598974700aa39deeb7d168d2ee5",
  "build_date": "2026-07-29T03:59:44Z",
  "go_version": "go1.26.5",
  "os": "linux",
  "arch": "amd64",
  "cgo_enabled": true,
  "schema_version": 8,
  "module": "github.com/carlotran4/kanbi",
  "github_run_id": "30420765221",
  "github_sha": "a711aceedb758598974700aa39deeb7d168d2ee5"
}
== kanbi_0.3.0-beta.3_linux_arm64.tar.gz ==
{
  "format": "kanbi-buildinfo",
  "format_version": 1,
  "version": "0.3.0-beta.3",
  "commit": "a711aceedb758598974700aa39deeb7d168d2ee5",
  "build_date": "2026-07-29T03:59:43Z",
  "go_version": "go1.26.5",
  "os": "linux",
  "arch": "arm64",
  "cgo_enabled": true,
  "schema_version": 8,
  "module": "github.com/carlotran4/kanbi",
  "github_run_id": "30420765221",
  "github_sha": "a711aceedb758598974700aa39deeb7d168d2ee5"
}
