upgrade-rollback-drill: PASS
date_utc: 2026-07-29T03:53:11Z
host: Linux x86_64
old_archive: kanbi_0.3.0-beta.2_linux_amd64.tar.gz
new_archive: kanbi_0.3.0-beta.3_linux_amd64.tar.gz
old_version: kanbi 0.3.0-beta.2 commit: 8b209c580281589f2afb1c02495769976e985260 built: 2026-07-23T04:40:18Z go: go1.26.5 platform: linux/amd64 database schema: 7
new_version: kanbi 0.3.0-beta.3 commit: a711aceedb758598974700aa39deeb7d168d2ee5 built: 2026-07-29T03:52:06Z go: go1.26.5-X:nodwarf5 platform: linux/amd64 database schema: 8
old_commit: 8b209c580281589f2afb1c02495769976e985260
new_commit: a711aceedb758598974700aa39deeb7d168d2ee5
old_schema: 7
new_schema: 8
backup_sha256: d859dc87170c03c52d68cd2ad75e3043df3451d69fdd6d431b89b5d5cde38212
downgrade_rejection: passed
result: migration, rollback, tickets, notes, required attachment restoration, session history, SQLite integrity, and foreign-key consistency passed; downgrade=passed
log: docs/verification/upgrade-rollback-drill-20260729T035310Z.txt

OLD_ARCHIVE=kanbi_0.3.0-beta.2_linux_amd64.tar.gz
NEW_ARCHIVE=kanbi_0.3.0-beta.3_linux_amd64.tar.gz
=== OLD version ===
kanbi 0.3.0-beta.2
commit: 8b209c580281589f2afb1c02495769976e985260
built: 2026-07-23T04:40:18Z
go: go1.26.5
platform: linux/amd64
database schema: 7
=== Seed data with OLD binary ===
2	Drill Board	/tmp/kanbi-upgrade-drill.9E7NSZ	local
T-001 Keep this ticket [pi]
1	note-for-rollback
Seeded required attachment for ticket id 1
seeded active and inactive session history
backup created: /tmp/kanbi-upgrade-drill.9E7NSZ/pre-upgrade.kanbi
Pre-upgrade backup sha256=d859dc87170c03c52d68cd2ad75e3043df3451d69fdd6d431b89b5d5cde38212
=== Upgrade: open DB with NEW binary ===
kanbi 0.3.0-beta.3
commit: a711aceedb758598974700aa39deeb7d168d2ee5
built: 2026-07-29T03:52:06Z
go: go1.26.5-X:nodwarf5
platform: linux/amd64
database schema: 8
{
  "schema": "kanbi.v1.tickets",
  "tickets": [
    {
      "archived_at": null,
      "board": {
        "id": 2,
        "name": "Drill Board",
        "workdir": "/tmp/kanbi-upgrade-drill.9E7NSZ"
      },
      "body": "body-for-rollback",
      "column": {
        "id": 5,
        "name": "Open"
      },
      "created_at": "2026-07-29T03:53:11.063436605Z",
      "display_id": "T-001",
      "display_num": 1,
      "external_id": null,
      "external_updated_at": null,
      "external_url": null,
      "harness": "pi",
      "id": 1,
      "last_attention_reason": null,
      "last_detected_state": null,
      "last_detection_source": null,
      "last_observed_excerpt": null,
      "last_output_at": null,
      "last_state_change_at": null,
      "note_count": 1,
      "position": 0,
      "runtime": "running",
      "session": {
        "active": true,
        "closed_at": null,
        "harness": "pi",
        "harness_session_name": null,
        "harness_session_ref": "drill-active-ref",
        "id": 2,
        "last_attention_reason": null,
        "last_detected_state": null,
        "last_detection_source": null,
        "last_observed_excerpt": null,
        "last_output_at": null,
        "last_seen_tmux_at": null,
        "last_state_change_at": null,
        "multiplexer": "tmux",
        "mux_container_id": "@active",
        "mux_container_name": "b1-T-001-drill-active",
        "mux_metadata": null,
        "mux_namespace": "drill-runtime",
        "started_at": "2026-07-29T03:53:11.120478Z",
        "status": "running",
        "ticket_id": 1,
        "tmux_session_name": "drill-runtime",
        "tmux_window_id": "@active",
        "tmux_window_name": "b1-T-001-drill-active"
      },
      "sync_version": null,
      "title": "Keep this ticket",
      "updated_at": "2026-07-29T03:53:11.063436605Z"
    }
  ]
}
{
  "schema": "kanbi.v1.ticket",
  "ticket": {
    "archived_at": null,
    "board": {
      "id": 2,
      "name": "Drill Board",
      "workdir": "/tmp/kanbi-upgrade-drill.9E7NSZ"
    },
    "body": "body-for-rollback",
    "column": {
      "id": 5,
      "name": "Open"
    },
    "created_at": "2026-07-29T03:53:11.063436605Z",
    "display_id": "T-001",
    "display_num": 1,
    "external_id": null,
    "external_updated_at": null,
    "external_url": null,
    "harness": "pi",
    "id": 1,
    "last_attention_reason": null,
    "last_detected_state": null,
    "last_detection_source": null,
    "last_observed_excerpt": null,
    "last_output_at": null,
    "last_state_change_at": null,
    "note_count": 1,
    "notes": [
      {
        "body": "note-for-rollback",
        "created_at": "2026-07-29T03:53:11.08043386Z",
        "external_id": null,
        "external_updated_at": null,
        "id": 1,
        "sync_version": null,
        "ticket_id": 1,
        "updated_at": "2026-07-29T03:53:11.08043386Z"
      }
    ],
    "position": 0,
    "runtime": "running",
    "session": {
      "active": true,
      "closed_at": null,
      "harness": "pi",
      "harness_session_name": null,
      "harness_session_ref": "drill-active-ref",
      "id": 2,
      "last_attention_reason": null,
      "last_detected_state": null,
      "last_detection_source": null,
      "last_observed_excerpt": null,
      "last_output_at": null,
      "last_seen_tmux_at": null,
      "last_state_change_at": null,
      "multiplexer": "tmux",
      "mux_container_id": "@active",
      "mux_container_name": "b1-T-001-drill-active",
      "mux_metadata": null,
      "mux_namespace": "drill-runtime",
      "started_at": "2026-07-29T03:53:11.120478Z",
      "status": "running",
      "ticket_id": 1,
      "tmux_session_name": "drill-runtime",
      "tmux_window_id": "@active",
      "tmux_window_name": "b1-T-001-drill-active"
    },
    "sync_version": null,
    "title": "Keep this ticket",
    "updated_at": "2026-07-29T03:53:11.063436605Z"
  }
}
upgrade ticket fields ok
upgrade preserved note, attachment, and complete session history
=== Attempted in-place downgrade must be rejected ===
Old artifact rejected newer schema as expected: kanbi: database schema version 8 is newer than supported version 7
=== Simulate post-upgrade changes then rollback via restore ===
T-002 Should disappear on rollback [pi]
Mutated attachment after backup; restore must recover original bytes
=== Rollback: restore pre-upgrade backup with OLD binary ===
backup restored: /tmp/kanbi-upgrade-drill.9E7NSZ/pre-upgrade.kanbi
{
  "schema": "kanbi.v1.tickets",
  "tickets": [
    {
      "archived_at": null,
      "board": {
        "id": 2,
        "name": "Drill Board",
        "workdir": "/tmp/kanbi-upgrade-drill.9E7NSZ"
      },
      "body": "body-for-rollback",
      "column": {
        "id": 5,
        "name": "Open"
      },
      "created_at": "2026-07-29T03:53:11.063436605Z",
      "display_id": "T-001",
      "display_num": 1,
      "external_id": null,
      "external_updated_at": null,
      "external_url": null,
      "harness": "pi",
      "id": 1,
      "last_attention_reason": null,
      "last_detected_state": null,
      "last_detection_source": null,
      "last_observed_excerpt": null,
      "last_output_at": null,
      "last_state_change_at": null,
      "note_count": 1,
      "position": 0,
      "runtime": "running",
      "session": {
        "active": true,
        "closed_at": null,
        "harness": "pi",
        "harness_session_name": null,
        "harness_session_ref": "drill-active-ref",
        "id": 2,
        "last_attention_reason": null,
        "last_detected_state": null,
        "last_detection_source": null,
        "last_observed_excerpt": null,
        "last_output_at": null,
        "last_seen_tmux_at": null,
        "last_state_change_at": null,
        "multiplexer": "tmux",
        "mux_container_id": "@active",
        "mux_container_name": "b1-T-001-drill-active",
        "mux_metadata": null,
        "mux_namespace": "drill-runtime",
        "started_at": "2026-07-29T03:53:11.120478Z",
        "status": "running",
        "ticket_id": 1,
        "tmux_session_name": "drill-runtime",
        "tmux_window_id": "@active",
        "tmux_window_name": "b1-T-001-drill-active"
      },
      "sync_version": null,
      "title": "Keep this ticket",
      "updated_at": "2026-07-29T03:53:11.063436605Z"
    }
  ]
}
{
  "schema": "kanbi.v1.ticket",
  "ticket": {
    "archived_at": null,
    "board": {
      "id": 2,
      "name": "Drill Board",
      "workdir": "/tmp/kanbi-upgrade-drill.9E7NSZ"
    },
    "body": "body-for-rollback",
    "column": {
      "id": 5,
      "name": "Open"
    },
    "created_at": "2026-07-29T03:53:11.063436605Z",
    "display_id": "T-001",
    "display_num": 1,
    "external_id": null,
    "external_updated_at": null,
    "external_url": null,
    "harness": "pi",
    "id": 1,
    "last_attention_reason": null,
    "last_detected_state": null,
    "last_detection_source": null,
    "last_observed_excerpt": null,
    "last_output_at": null,
    "last_state_change_at": null,
    "note_count": 1,
    "notes": [
      {
        "body": "note-for-rollback",
        "created_at": "2026-07-29T03:53:11.08043386Z",
        "external_id": null,
        "external_updated_at": null,
        "id": 1,
        "sync_version": null,
        "ticket_id": 1,
        "updated_at": "2026-07-29T03:53:11.08043386Z"
      }
    ],
    "position": 0,
    "runtime": "running",
    "session": {
      "active": true,
      "closed_at": null,
      "harness": "pi",
      "harness_session_name": null,
      "harness_session_ref": "drill-active-ref",
      "id": 2,
      "last_attention_reason": null,
      "last_detected_state": null,
      "last_detection_source": null,
      "last_observed_excerpt": null,
      "last_output_at": null,
      "last_seen_tmux_at": null,
      "last_state_change_at": null,
      "multiplexer": "tmux",
      "mux_container_id": "@active",
      "mux_container_name": "b1-T-001-drill-active",
      "mux_metadata": null,
      "mux_namespace": "drill-runtime",
      "started_at": "2026-07-29T03:53:11.120478Z",
      "status": "running",
      "ticket_id": 1,
      "tmux_session_name": "drill-runtime",
      "tmux_window_id": "@active",
      "tmux_window_name": "b1-T-001-drill-active"
    },
    "sync_version": null,
    "title": "Keep this ticket",
    "updated_at": "2026-07-29T03:53:11.063436605Z"
  }
}
rollback ticket, note, attachment, session history, and foreign-key consistency ok
Required attachment and complete session history intact after rollback
=== PASS ===
